// Vitest Snapshot v1, https://vitest.dev/guide/snapshot.html

exports[`parseConversation fixture snapshots > parses artifacts 1`] = `
{
  "conversation": {
    "branches": [
      [
        {
          "attachments": [],
          "blocks": [
            {
              "text": "Write me a tiny Python script that calculates a tip and splits the bill.",
              "type": "text",
            },
          ],
          "createdAt": "2026-06-10T14:05:12.870349Z",
          "files": [],
          "id": "1a3c5e7d-9b2f-4a6c-8d0e-3f5b7d9a1c48",
          "parentId": null,
          "sender": "human",
          "updatedAt": "2026-06-10T14:05:12.870349Z",
        },
        {
          "attachments": [],
          "blocks": [
            {
              "artifactCommand": {
                "artifactType": "application/vnd.ant.code",
                "command": "create",
                "content": "def tip(bill: float, percent: float = 12.5) -> float:
    return round(bill * percent / 100, 2)


if __name__ == "__main__":
    bill = float(input("Bill amount: "))
    print(f"Tip: {tip(bill)}")
",
                "id": "tip-calculator",
                "language": "python",
                "newStr": undefined,
                "oldStr": undefined,
                "title": "Tip calculator",
              },
              "input": {
                "command": "create",
                "content": "def tip(bill: float, percent: float = 12.5) -> float:
    return round(bill * percent / 100, 2)


if __name__ == "__main__":
    bill = float(input("Bill amount: "))
    print(f"Tip: {tip(bill)}")
",
                "id": "tip-calculator",
                "language": "python",
                "title": "Tip calculator",
                "type": "application/vnd.ant.code",
              },
              "name": "artifacts",
              "type": "toolUse",
            },
            {
              "content": "OK",
              "isError": false,
              "name": "artifacts",
              "type": "toolResult",
            },
            {
              "text": "Here's a minimal tip calculator. Run it and enter the bill amount when prompted.",
              "type": "text",
            },
          ],
          "createdAt": "2026-06-10T14:05:17.442901Z",
          "files": [],
          "id": "4d6f8b0a-2c5e-4b7d-9a1c-5e3f7b9d0a26",
          "parentId": "1a3c5e7d-9b2f-4a6c-8d0e-3f5b7d9a1c48",
          "sender": "assistant",
          "updatedAt": "2026-06-10T14:05:49.870653Z",
        },
        {
          "attachments": [],
          "blocks": [
            {
              "text": "Add splitting between diners, and make the default tip 15%.",
              "type": "text",
            },
          ],
          "createdAt": "2026-06-10T14:08:02.194770Z",
          "files": [],
          "id": "8c0e2a4b-6d9f-4c1e-b3a5-7f1d9b4c6e83",
          "parentId": "4d6f8b0a-2c5e-4b7d-9a1c-5e3f7b9d0a26",
          "sender": "human",
          "updatedAt": "2026-06-10T14:08:02.194770Z",
        },
        {
          "attachments": [],
          "blocks": [
            {
              "artifactCommand": {
                "artifactType": undefined,
                "command": "update",
                "content": undefined,
                "id": "tip-calculator",
                "language": undefined,
                "newStr": "def tip(bill: float, percent: float = 15.0) -> float:",
                "oldStr": "def tip(bill: float, percent: float = 12.5) -> float:",
                "title": undefined,
              },
              "input": {
                "command": "update",
                "id": "tip-calculator",
                "new_str": "def tip(bill: float, percent: float = 15.0) -> float:",
                "old_str": "def tip(bill: float, percent: float = 12.5) -> float:",
              },
              "name": "artifacts",
              "type": "toolUse",
            },
            {
              "content": "OK",
              "isError": false,
              "name": "artifacts",
              "type": "toolResult",
            },
            {
              "artifactCommand": {
                "artifactType": undefined,
                "command": "update",
                "content": undefined,
                "id": "tip-calculator",
                "language": undefined,
                "newStr": "    bill = float(input("Bill amount: "))
    diners = int(input("Diners: "))
    total = bill + tip(bill)
    print(f"Tip: {tip(bill)}")
    print(f"Each pays: {round(total / diners, 2)}")",
                "oldStr": "    bill = float(input("Bill amount: "))
    print(f"Tip: {tip(bill)}")",
                "title": undefined,
              },
              "input": {
                "command": "update",
                "id": "tip-calculator",
                "new_str": "    bill = float(input("Bill amount: "))
    diners = int(input("Diners: "))
    total = bill + tip(bill)
    print(f"Tip: {tip(bill)}")
    print(f"Each pays: {round(total / diners, 2)}")",
                "old_str": "    bill = float(input("Bill amount: "))
    print(f"Tip: {tip(bill)}")",
              },
              "name": "artifacts",
              "type": "toolUse",
            },
            {
              "content": "OK",
              "isError": false,
              "name": "artifacts",
              "type": "toolResult",
            },
            {
              "text": "Done — the default tip is now 15% and the script asks how many diners to split between.",
              "type": "text",
            },
          ],
          "createdAt": "2026-06-10T14:08:06.881252Z",
          "files": [],
          "id": "5f7b9d1c-3e6a-4d8b-a2c4-6e0f8b3d5a71",
          "parentId": "8c0e2a4b-6d9f-4c1e-b3a5-7f1d9b4c6e83",
          "sender": "assistant",
          "updatedAt": "2026-06-10T14:11:58.334027Z",
        },
      ],
    ],
    "createdAt": "2026-06-10T14:05:12.870349Z",
    "defaultBranchIndex": 0,
    "hasBranches": false,
    "id": "2e4a6c8b-0d1f-4e3a-b5c7-9f2d4b6a8c15",
    "messages": [
      {
        "attachments": [],
        "blocks": [
          {
            "text": "Write me a tiny Python script that calculates a tip and splits the bill.",
            "type": "text",
          },
        ],
        "createdAt": "2026-06-10T14:05:12.870349Z",
        "files": [],
        "id": "1a3c5e7d-9b2f-4a6c-8d0e-3f5b7d9a1c48",
        "parentId": null,
        "sender": "human",
        "updatedAt": "2026-06-10T14:05:12.870349Z",
      },
      {
        "attachments": [],
        "blocks": [
          {
            "artifactCommand": {
              "artifactType": "application/vnd.ant.code",
              "command": "create",
              "content": "def tip(bill: float, percent: float = 12.5) -> float:
    return round(bill * percent / 100, 2)


if __name__ == "__main__":
    bill = float(input("Bill amount: "))
    print(f"Tip: {tip(bill)}")
",
              "id": "tip-calculator",
              "language": "python",
              "newStr": undefined,
              "oldStr": undefined,
              "title": "Tip calculator",
            },
            "input": {
              "command": "create",
              "content": "def tip(bill: float, percent: float = 12.5) -> float:
    return round(bill * percent / 100, 2)


if __name__ == "__main__":
    bill = float(input("Bill amount: "))
    print(f"Tip: {tip(bill)}")
",
              "id": "tip-calculator",
              "language": "python",
              "title": "Tip calculator",
              "type": "application/vnd.ant.code",
            },
            "name": "artifacts",
            "type": "toolUse",
          },
          {
            "content": "OK",
            "isError": false,
            "name": "artifacts",
            "type": "toolResult",
          },
          {
            "text": "Here's a minimal tip calculator. Run it and enter the bill amount when prompted.",
            "type": "text",
          },
        ],
        "createdAt": "2026-06-10T14:05:17.442901Z",
        "files": [],
        "id": "4d6f8b0a-2c5e-4b7d-9a1c-5e3f7b9d0a26",
        "parentId": "1a3c5e7d-9b2f-4a6c-8d0e-3f5b7d9a1c48",
        "sender": "assistant",
        "updatedAt": "2026-06-10T14:05:49.870653Z",
      },
      {
        "attachments": [],
        "blocks": [
          {
            "text": "Add splitting between diners, and make the default tip 15%.",
            "type": "text",
          },
        ],
        "createdAt": "2026-06-10T14:08:02.194770Z",
        "files": [],
        "id": "8c0e2a4b-6d9f-4c1e-b3a5-7f1d9b4c6e83",
        "parentId": "4d6f8b0a-2c5e-4b7d-9a1c-5e3f7b9d0a26",
        "sender": "human",
        "updatedAt": "2026-06-10T14:08:02.194770Z",
      },
      {
        "attachments": [],
        "blocks": [
          {
            "artifactCommand": {
              "artifactType": undefined,
              "command": "update",
              "content": undefined,
              "id": "tip-calculator",
              "language": undefined,
              "newStr": "def tip(bill: float, percent: float = 15.0) -> float:",
              "oldStr": "def tip(bill: float, percent: float = 12.5) -> float:",
              "title": undefined,
            },
            "input": {
              "command": "update",
              "id": "tip-calculator",
              "new_str": "def tip(bill: float, percent: float = 15.0) -> float:",
              "old_str": "def tip(bill: float, percent: float = 12.5) -> float:",
            },
            "name": "artifacts",
            "type": "toolUse",
          },
          {
            "content": "OK",
            "isError": false,
            "name": "artifacts",
            "type": "toolResult",
          },
          {
            "artifactCommand": {
              "artifactType": undefined,
              "command": "update",
              "content": undefined,
              "id": "tip-calculator",
              "language": undefined,
              "newStr": "    bill = float(input("Bill amount: "))
    diners = int(input("Diners: "))
    total = bill + tip(bill)
    print(f"Tip: {tip(bill)}")
    print(f"Each pays: {round(total / diners, 2)}")",
              "oldStr": "    bill = float(input("Bill amount: "))
    print(f"Tip: {tip(bill)}")",
              "title": undefined,
            },
            "input": {
              "command": "update",
              "id": "tip-calculator",
              "new_str": "    bill = float(input("Bill amount: "))
    diners = int(input("Diners: "))
    total = bill + tip(bill)
    print(f"Tip: {tip(bill)}")
    print(f"Each pays: {round(total / diners, 2)}")",
              "old_str": "    bill = float(input("Bill amount: "))
    print(f"Tip: {tip(bill)}")",
            },
            "name": "artifacts",
            "type": "toolUse",
          },
          {
            "content": "OK",
            "isError": false,
            "name": "artifacts",
            "type": "toolResult",
          },
          {
            "text": "Done — the default tip is now 15% and the script asks how many diners to split between.",
            "type": "text",
          },
        ],
        "createdAt": "2026-06-10T14:08:06.881252Z",
        "files": [],
        "id": "5f7b9d1c-3e6a-4d8b-a2c4-6e0f8b3d5a71",
        "parentId": "8c0e2a4b-6d9f-4c1e-b3a5-7f1d9b4c6e83",
        "sender": "assistant",
        "updatedAt": "2026-06-10T14:11:58.334027Z",
      },
    ],
    "source": "chat",
    "summary": "",
    "title": "Tip calculator script",
    "updatedAt": "2026-06-10T14:11:58.334027Z",
  },
  "issues": [],
}
`;

exports[`parseConversation fixture snapshots > parses attachments-files 1`] = `
{
  "conversation": {
    "branches": [
      [
        {
          "attachments": [
            {
              "extractedContent": "Sprint review 12 June
- Sign-off pending on the onboarding flow
- Data migration blocked on access to the legacy exports
- Sarah to draft the release notes
- Next demo scheduled for the 19th",
              "fileName": "meeting-notes.txt",
              "fileSize": 482,
              "fileType": "text/plain",
            },
          ],
          "blocks": [
            {
              "text": "Summarise the attached notes into three action points, and keep the spreadsheet in mind for context.",
              "type": "text",
            },
          ],
          "createdAt": "2026-06-18T11:20:35.667104Z",
          "files": [
            {
              "fileKind": "document",
              "fileName": "budget-q3.xlsx",
              "id": "b7d9f1a3-5c8e-4b0d-9a2c-8e4f0b6d2a75",
              "previewUrl": "/api/b7d9f1a3-5c8e-4b0d-9a2c-8e4f0b6d2a75/preview",
              "thumbnailUrl": "/api/b7d9f1a3-5c8e-4b0d-9a2c-8e4f0b6d2a75/thumbnail",
            },
          ],
          "id": "2a4c6e8f-0d3b-4e5a-9c7d-4f1b5d7e9a30",
          "parentId": null,
          "sender": "human",
          "updatedAt": "2026-06-18T11:20:35.667104Z",
        },
        {
          "attachments": [],
          "blocks": [
            {
              "text": "Three action points from your notes:

1. **Chase sign-off** on the onboarding flow before the demo on the 19th.
2. **Unblock the data migration** by getting access to the legacy exports.
3. **Review Sarah's release notes** draft once it lands.",
              "type": "text",
            },
          ],
          "createdAt": "2026-06-18T11:20:40.101928Z",
          "files": [],
          "id": "3b5d7f9c-1e4a-4c6b-8d2f-6a0e4c8b2d57",
          "parentId": "2a4c6e8f-0d3b-4e5a-9c7d-4f1b5d7e9a30",
          "sender": "assistant",
          "updatedAt": "2026-06-18T11:21:44.092381Z",
        },
      ],
    ],
    "createdAt": "2026-06-18T11:20:35.667104Z",
    "defaultBranchIndex": 0,
    "hasBranches": false,
    "id": "0c2e4a6d-8b1f-4d3c-a7e9-2b5d7f9a1c63",
    "messages": [
      {
        "attachments": [
          {
            "extractedContent": "Sprint review 12 June
- Sign-off pending on the onboarding flow
- Data migration blocked on access to the legacy exports
- Sarah to draft the release notes
- Next demo scheduled for the 19th",
            "fileName": "meeting-notes.txt",
            "fileSize": 482,
            "fileType": "text/plain",
          },
        ],
        "blocks": [
          {
            "text": "Summarise the attached notes into three action points, and keep the spreadsheet in mind for context.",
            "type": "text",
          },
        ],
        "createdAt": "2026-06-18T11:20:35.667104Z",
        "files": [
          {
            "fileKind": "document",
            "fileName": "budget-q3.xlsx",
            "id": "b7d9f1a3-5c8e-4b0d-9a2c-8e4f0b6d2a75",
            "previewUrl": "/api/b7d9f1a3-5c8e-4b0d-9a2c-8e4f0b6d2a75/preview",
            "thumbnailUrl": "/api/b7d9f1a3-5c8e-4b0d-9a2c-8e4f0b6d2a75/thumbnail",
          },
        ],
        "id": "2a4c6e8f-0d3b-4e5a-9c7d-4f1b5d7e9a30",
        "parentId": null,
        "sender": "human",
        "updatedAt": "2026-06-18T11:20:35.667104Z",
      },
      {
        "attachments": [],
        "blocks": [
          {
            "text": "Three action points from your notes:

1. **Chase sign-off** on the onboarding flow before the demo on the 19th.
2. **Unblock the data migration** by getting access to the legacy exports.
3. **Review Sarah's release notes** draft once it lands.",
            "type": "text",
          },
        ],
        "createdAt": "2026-06-18T11:20:40.101928Z",
        "files": [],
        "id": "3b5d7f9c-1e4a-4c6b-8d2f-6a0e4c8b2d57",
        "parentId": "2a4c6e8f-0d3b-4e5a-9c7d-4f1b5d7e9a30",
        "sender": "assistant",
        "updatedAt": "2026-06-18T11:21:44.092381Z",
      },
    ],
    "source": "chat",
    "summary": "",
    "title": "Summarise my meeting notes",
    "updatedAt": "2026-06-18T11:21:44.092381Z",
  },
  "issues": [],
}
`;

exports[`parseConversation fixture snapshots > parses branched-tree 1`] = `
{
  "conversation": {
    "branches": [
      [
        {
          "attachments": [],
          "blocks": [
            {
              "text": "I'm baking a birthday cake for my dad this weekend. He likes coffee flavours.",
              "type": "text",
            },
          ],
          "createdAt": "2026-06-25T19:40:07.882064Z",
          "files": [],
          "id": "a3c5e7f9-1b4d-4c6e-8a0b-2d5f7a9c1e36",
          "parentId": null,
          "sender": "human",
          "updatedAt": "2026-06-25T19:40:07.882064Z",
        },
        {
          "attachments": [],
          "blocks": [
            {
              "text": "A classic **coffee and walnut cake** would be perfect — two sponge layers flavoured with strong espresso, filled and topped with coffee buttercream and walnut halves. Want the full recipe?",
              "type": "text",
            },
          ],
          "createdAt": "2026-06-25T19:40:12.550317Z",
          "files": [],
          "id": "b6d8f0a2-4c7e-4d9b-a1c3-5e8f0b2d4a67",
          "parentId": "a3c5e7f9-1b4d-4c6e-8a0b-2d5f7a9c1e36",
          "sender": "assistant",
          "updatedAt": "2026-06-25T19:40:41.209864Z",
        },
        {
          "attachments": [],
          "blocks": [
            {
              "text": "Yes, give me the recipe for an 8-inch tin.",
              "type": "text",
            },
          ],
          "createdAt": "2026-06-25T19:41:29.774052Z",
          "files": [],
          "id": "c9b1d3e5-6f8a-4b0c-9d2e-4a7c9e1f3b50",
          "parentId": "b6d8f0a2-4c7e-4d9b-a1c3-5e8f0b2d4a67",
          "sender": "human",
          "updatedAt": "2026-06-25T19:41:29.774052Z",
        },
        {
          "attachments": [],
          "blocks": [
            {
              "text": "**Coffee & walnut cake (8-inch)**

Sponge: 225 g butter, 225 g caster sugar, 4 eggs, 225 g self-raising flour, 2 tbsp espresso, 75 g chopped walnuts. Bake 25 min at 180°C.

Buttercream: 125 g butter, 250 g icing sugar, 1 tbsp espresso.",
              "type": "text",
            },
          ],
          "createdAt": "2026-06-25T19:41:34.918263Z",
          "files": [],
          "id": "d2f4b6c8-0a3e-4c5d-b7f9-6b9e1d3f5c74",
          "parentId": "c9b1d3e5-6f8a-4b0c-9d2e-4a7c9e1f3b50",
          "sender": "assistant",
          "updatedAt": "2026-06-25T19:42:20.663108Z",
        },
      ],
      [
        {
          "attachments": [],
          "blocks": [
            {
              "text": "I'm baking a birthday cake for my dad this weekend. He likes coffee flavours.",
              "type": "text",
            },
          ],
          "createdAt": "2026-06-25T19:40:07.882064Z",
          "files": [],
          "id": "a3c5e7f9-1b4d-4c6e-8a0b-2d5f7a9c1e36",
          "parentId": null,
          "sender": "human",
          "updatedAt": "2026-06-25T19:40:07.882064Z",
        },
        {
          "attachments": [],
          "blocks": [
            {
              "text": "A classic **coffee and walnut cake** would be perfect — two sponge layers flavoured with strong espresso, filled and topped with coffee buttercream and walnut halves. Want the full recipe?",
              "type": "text",
            },
          ],
          "createdAt": "2026-06-25T19:40:12.550317Z",
          "files": [],
          "id": "b6d8f0a2-4c7e-4d9b-a1c3-5e8f0b2d4a67",
          "parentId": "a3c5e7f9-1b4d-4c6e-8a0b-2d5f7a9c1e36",
          "sender": "assistant",
          "updatedAt": "2026-06-25T19:40:41.209864Z",
        },
        {
          "attachments": [],
          "blocks": [
            {
              "text": "Actually he can't eat nuts — can you make it coffee-only, for an 8-inch tin?",
              "type": "text",
            },
          ],
          "createdAt": "2026-06-25T19:50:44.287930Z",
          "files": [],
          "id": "f8c0a2d4-5e7b-4a9c-8b1d-3c6e8a0d2f45",
          "parentId": "b6d8f0a2-4c7e-4d9b-a1c3-5e8f0b2d4a67",
          "sender": "human",
          "updatedAt": "2026-06-25T19:50:44.287930Z",
        },
        {
          "attachments": [],
          "blocks": [
            {
              "text": "No problem — skip the walnuts entirely.

**Coffee cake (8-inch, nut-free)**

Sponge: 225 g butter, 225 g caster sugar, 4 eggs, 225 g self-raising flour, 3 tbsp espresso. Bake 25 min at 180°C.

Buttercream: 125 g butter, 250 g icing sugar, 1½ tbsp espresso. Decorate with chocolate-coated coffee beans instead of walnut halves.",
              "type": "text",
            },
          ],
          "createdAt": "2026-06-25T19:50:49.902174Z",
          "files": [],
          "id": "e5a7c9b1-3d6f-4e8a-b2c4-7f0d2b4e6a83",
          "parentId": "f8c0a2d4-5e7b-4a9c-8b1d-3c6e8a0d2f45",
          "sender": "assistant",
          "updatedAt": "2026-06-25T19:52:33.410975Z",
        },
      ],
    ],
    "createdAt": "2026-06-25T19:40:07.882064Z",
    "defaultBranchIndex": 1,
    "hasBranches": true,
    "id": "9a1c3e5b-7d0f-4a2c-8e4b-1f6d8a0c2e59",
    "messages": [
      {
        "attachments": [],
        "blocks": [
          {
            "text": "I'm baking a birthday cake for my dad this weekend. He likes coffee flavours.",
            "type": "text",
          },
        ],
        "createdAt": "2026-06-25T19:40:07.882064Z",
        "files": [],
        "id": "a3c5e7f9-1b4d-4c6e-8a0b-2d5f7a9c1e36",
        "parentId": null,
        "sender": "human",
        "updatedAt": "2026-06-25T19:40:07.882064Z",
      },
      {
        "attachments": [],
        "blocks": [
          {
            "text": "A classic **coffee and walnut cake** would be perfect — two sponge layers flavoured with strong espresso, filled and topped with coffee buttercream and walnut halves. Want the full recipe?",
            "type": "text",
          },
        ],
        "createdAt": "2026-06-25T19:40:12.550317Z",
        "files": [],
        "id": "b6d8f0a2-4c7e-4d9b-a1c3-5e8f0b2d4a67",
        "parentId": "a3c5e7f9-1b4d-4c6e-8a0b-2d5f7a9c1e36",
        "sender": "assistant",
        "updatedAt": "2026-06-25T19:40:41.209864Z",
      },
      {
        "attachments": [],
        "blocks": [
          {
            "text": "Actually he can't eat nuts — can you make it coffee-only, for an 8-inch tin?",
            "type": "text",
          },
        ],
        "createdAt": "2026-06-25T19:50:44.287930Z",
        "files": [],
        "id": "f8c0a2d4-5e7b-4a9c-8b1d-3c6e8a0d2f45",
        "parentId": "b6d8f0a2-4c7e-4d9b-a1c3-5e8f0b2d4a67",
        "sender": "human",
        "updatedAt": "2026-06-25T19:50:44.287930Z",
      },
      {
        "attachments": [],
        "blocks": [
          {
            "text": "No problem — skip the walnuts entirely.

**Coffee cake (8-inch, nut-free)**

Sponge: 225 g butter, 225 g caster sugar, 4 eggs, 225 g self-raising flour, 3 tbsp espresso. Bake 25 min at 180°C.

Buttercream: 125 g butter, 250 g icing sugar, 1½ tbsp espresso. Decorate with chocolate-coated coffee beans instead of walnut halves.",
            "type": "text",
          },
        ],
        "createdAt": "2026-06-25T19:50:49.902174Z",
        "files": [],
        "id": "e5a7c9b1-3d6f-4e8a-b2c4-7f0d2b4e6a83",
        "parentId": "f8c0a2d4-5e7b-4a9c-8b1d-3c6e8a0d2f45",
        "sender": "assistant",
        "updatedAt": "2026-06-25T19:52:33.410975Z",
      },
    ],
    "source": "chat",
    "summary": "",
    "title": "Birthday cake ideas",
    "updatedAt": "2026-06-25T19:52:33.410975Z",
  },
  "issues": [],
}
`;

exports[`parseConversation fixture snapshots > parses images 1`] = `
{
  "conversation": {
    "branches": [
      [
        {
          "attachments": [],
          "blocks": [
            {
              "data": "iVBORw0KGgoAAAANSUhEUgAAAAEAAAABCAYAAAAfFcSJAAAADUlEQVR42mNk+M9QDwADhgGAWjR9awAAAABJRU5ErkJggg==",
              "fileName": undefined,
              "mediaType": "image/png",
              "raw": {
                "source": {
                  "data": "iVBORw0KGgoAAAANSUhEUgAAAAEAAAABCAYAAAAfFcSJAAAADUlEQVR42mNk+M9QDwADhgGAWjR9awAAAABJRU5ErkJggg==",
                  "media_type": "image/png",
                  "type": "base64",
                },
                "start_timestamp": "2026-06-21T16:02:18.339402Z",
                "stop_timestamp": "2026-06-21T16:02:18.339402Z",
                "type": "image",
              },
              "type": "image",
            },
            {
              "text": "Found this growing at the edge of the lawn — any idea what it is?",
              "type": "text",
            },
          ],
          "createdAt": "2026-06-21T16:02:18.339402Z",
          "files": [
            {
              "fileKind": "image",
              "fileName": "IMG_4207.png",
              "id": "8f0b2d4e-6a9c-4d1f-b5a7-9e3c1f5b7d20",
              "previewUrl": "/api/8f0b2d4e-6a9c-4d1f-b5a7-9e3c1f5b7d20/preview",
              "thumbnailUrl": "/api/8f0b2d4e-6a9c-4d1f-b5a7-9e3c1f5b7d20/thumbnail",
            },
          ],
          "id": "5d7f9b1c-3e6a-4c8d-b0f2-7c4a6e8d0b41",
          "parentId": null,
          "sender": "human",
          "updatedAt": "2026-06-21T16:02:18.339402Z",
        },
        {
          "attachments": [],
          "blocks": [
            {
              "text": "That looks like **creeping buttercup** (*Ranunculus repens*) — note the three-lobed leaves with pale patches and the runners spreading along the ground. It's common in damp lawns. If you want it gone, dig out the runners before it flowers; mowing alone won't stop it.",
              "type": "text",
            },
          ],
          "createdAt": "2026-06-21T16:02:24.593710Z",
          "files": [],
          "id": "6c8e0a2b-4d7f-4b9c-a3e5-8d1f7b3e5c92",
          "parentId": "5d7f9b1c-3e6a-4c8d-b0f2-7c4a6e8d0b41",
          "sender": "assistant",
          "updatedAt": "2026-06-21T16:03:05.771246Z",
        },
      ],
    ],
    "createdAt": "2026-06-21T16:02:18.339402Z",
    "defaultBranchIndex": 0,
    "hasBranches": false,
    "id": "4e6a8c0d-2f5b-4a7e-9c1d-6b3f5a7c9e08",
    "messages": [
      {
        "attachments": [],
        "blocks": [
          {
            "data": "iVBORw0KGgoAAAANSUhEUgAAAAEAAAABCAYAAAAfFcSJAAAADUlEQVR42mNk+M9QDwADhgGAWjR9awAAAABJRU5ErkJggg==",
            "fileName": undefined,
            "mediaType": "image/png",
            "raw": {
              "source": {
                "data": "iVBORw0KGgoAAAANSUhEUgAAAAEAAAABCAYAAAAfFcSJAAAADUlEQVR42mNk+M9QDwADhgGAWjR9awAAAABJRU5ErkJggg==",
                "media_type": "image/png",
                "type": "base64",
              },
              "start_timestamp": "2026-06-21T16:02:18.339402Z",
              "stop_timestamp": "2026-06-21T16:02:18.339402Z",
              "type": "image",
            },
            "type": "image",
          },
          {
            "text": "Found this growing at the edge of the lawn — any idea what it is?",
            "type": "text",
          },
        ],
        "createdAt": "2026-06-21T16:02:18.339402Z",
        "files": [
          {
            "fileKind": "image",
            "fileName": "IMG_4207.png",
            "id": "8f0b2d4e-6a9c-4d1f-b5a7-9e3c1f5b7d20",
            "previewUrl": "/api/8f0b2d4e-6a9c-4d1f-b5a7-9e3c1f5b7d20/preview",
            "thumbnailUrl": "/api/8f0b2d4e-6a9c-4d1f-b5a7-9e3c1f5b7d20/thumbnail",
          },
        ],
        "id": "5d7f9b1c-3e6a-4c8d-b0f2-7c4a6e8d0b41",
        "parentId": null,
        "sender": "human",
        "updatedAt": "2026-06-21T16:02:18.339402Z",
      },
      {
        "attachments": [],
        "blocks": [
          {
            "text": "That looks like **creeping buttercup** (*Ranunculus repens*) — note the three-lobed leaves with pale patches and the runners spreading along the ground. It's common in damp lawns. If you want it gone, dig out the runners before it flowers; mowing alone won't stop it.",
            "type": "text",
          },
        ],
        "createdAt": "2026-06-21T16:02:24.593710Z",
        "files": [],
        "id": "6c8e0a2b-4d7f-4b9c-a3e5-8d1f7b3e5c92",
        "parentId": "5d7f9b1c-3e6a-4c8d-b0f2-7c4a6e8d0b41",
        "sender": "assistant",
        "updatedAt": "2026-06-21T16:03:05.771246Z",
      },
    ],
    "source": "chat",
    "summary": "",
    "title": "What plant is this?",
    "updatedAt": "2026-06-21T16:03:05.771246Z",
  },
  "issues": [],
}
`;

exports[`parseConversation fixture snapshots > parses simple-text 1`] = `
{
  "conversation": {
    "branches": [
      [
        {
          "attachments": [],
          "blocks": [
            {
              "text": "What vegetables grow well in partial shade? I have a north-facing bed that only gets about four hours of sun.",
              "type": "text",
            },
          ],
          "createdAt": "2026-05-14T09:12:03.512847Z",
          "files": [],
          "id": "a1c3e5f7-2b4d-4a6c-8e0f-1d3b5a7c9e02",
          "parentId": null,
          "sender": "human",
          "updatedAt": "2026-05-14T09:12:03.512847Z",
        },
        {
          "attachments": [],
          "blocks": [
            {
              "text": "Four hours of sun is enough for plenty of crops. Leafy greens and many root vegetables actually prefer some shade.

| Crop | Sun needed | Notes |
| --- | --- | --- |
| Lettuce | 3–4 h | Bolts slower in shade |
| Spinach | 3–4 h | Sow early spring |
| Radishes | 4 h | Ready in ~30 days |
| Chard | 4 h | Cut-and-come-again |

A simple sowing plan:

\`\`\`text
March:  spinach, radishes
April:  lettuce, chard
May:    succession-sow lettuce every 2 weeks
\`\`\`

Avoid fruiting crops (tomatoes, peppers, squash) — they need 6–8 hours.",
              "type": "text",
            },
          ],
          "createdAt": "2026-05-14T09:12:08.930214Z",
          "files": [],
          "id": "b4e8d2f6-1a3c-4e5b-9d7f-8c2a6b0e4d19",
          "parentId": "a1c3e5f7-2b4d-4a6c-8e0f-1d3b5a7c9e02",
          "sender": "assistant",
          "updatedAt": "2026-05-14T09:13:41.201933Z",
        },
      ],
    ],
    "createdAt": "2026-05-14T09:12:03.512847Z",
    "defaultBranchIndex": 0,
    "hasBranches": false,
    "id": "8f2a1c4e-9b3d-4f6a-8c1e-2d5b7a9e0f31",
    "messages": [
      {
        "attachments": [],
        "blocks": [
          {
            "text": "What vegetables grow well in partial shade? I have a north-facing bed that only gets about four hours of sun.",
            "type": "text",
          },
        ],
        "createdAt": "2026-05-14T09:12:03.512847Z",
        "files": [],
        "id": "a1c3e5f7-2b4d-4a6c-8e0f-1d3b5a7c9e02",
        "parentId": null,
        "sender": "human",
        "updatedAt": "2026-05-14T09:12:03.512847Z",
      },
      {
        "attachments": [],
        "blocks": [
          {
            "text": "Four hours of sun is enough for plenty of crops. Leafy greens and many root vegetables actually prefer some shade.

| Crop | Sun needed | Notes |
| --- | --- | --- |
| Lettuce | 3–4 h | Bolts slower in shade |
| Spinach | 3–4 h | Sow early spring |
| Radishes | 4 h | Ready in ~30 days |
| Chard | 4 h | Cut-and-come-again |

A simple sowing plan:

\`\`\`text
March:  spinach, radishes
April:  lettuce, chard
May:    succession-sow lettuce every 2 weeks
\`\`\`

Avoid fruiting crops (tomatoes, peppers, squash) — they need 6–8 hours.",
            "type": "text",
          },
        ],
        "createdAt": "2026-05-14T09:12:08.930214Z",
        "files": [],
        "id": "b4e8d2f6-1a3c-4e5b-9d7f-8c2a6b0e4d19",
        "parentId": "a1c3e5f7-2b4d-4a6c-8e0f-1d3b5a7c9e02",
        "sender": "assistant",
        "updatedAt": "2026-05-14T09:13:41.201933Z",
      },
    ],
    "source": "chat",
    "summary": "",
    "title": "Planning a vegetable garden",
    "updatedAt": "2026-05-14T09:13:41.201933Z",
  },
  "issues": [],
}
`;

exports[`parseConversation fixture snapshots > parses thinking 1`] = `
{
  "conversation": {
    "branches": [
      [
        {
          "attachments": [],
          "blocks": [
            {
              "text": "How many litres of paint do I need for a hallway 6 m long, 1.2 m wide, 2.4 m high, with three doors and one window? Two coats.",
              "type": "text",
            },
          ],
          "createdAt": "2026-05-20T18:44:10.038512Z",
          "files": [],
          "id": "c5a7e9d1-3f2b-4c8a-9e4d-6b0f2a8c4e73",
          "parentId": null,
          "sender": "human",
          "updatedAt": "2026-05-20T18:44:10.038512Z",
        },
        {
          "attachments": [],
          "blocks": [
            {
              "summaries": [
                "Calculating wall area minus doors and window",
                "Converting coverage into litres for two coats",
              ],
              "thinking": "Wall area: perimeter = 2 × (6 + 1.2) = 14.4 m. Wall area = 14.4 × 2.4 = 34.56 m².

Subtract openings: three doors ≈ 3 × (0.76 × 2.0) = 4.56 m². One window ≈ 1.2 × 1.0 = 1.2 m². Net ≈ 28.8 m².

Two coats → 57.6 m². Coverage ~12 m²/L → 4.8 L. Recommend 5 L can.",
              "type": "thinking",
            },
            {
              "text": "You'll need about **4.8 litres**, so buy a 5 L can.

- Net wall area: ≈ 28.8 m² (34.6 m² minus doors and window)
- Two coats: ≈ 57.6 m²
- At ~12 m² per litre: ≈ 4.8 L",
              "type": "text",
            },
          ],
          "createdAt": "2026-05-20T18:44:15.772034Z",
          "files": [],
          "id": "d8b0f2c4-6e1a-4d5c-b3e7-9a2c4f6b8d05",
          "parentId": "c5a7e9d1-3f2b-4c8a-9e4d-6b0f2a8c4e73",
          "sender": "assistant",
          "updatedAt": "2026-05-20T18:44:52.310087Z",
        },
        {
          "attachments": [],
          "blocks": [
            {
              "text": "And the ceiling?",
              "type": "text",
            },
          ],
          "createdAt": "2026-05-20T18:46:30.115209Z",
          "files": [],
          "id": "f2d4b6a8-0c3e-4f7b-a1d5-8e6c0b2f4a97",
          "parentId": "d8b0f2c4-6e1a-4d5c-b3e7-9a2c4f6b8d05",
          "sender": "human",
          "updatedAt": "2026-05-20T18:46:30.115209Z",
        },
        {
          "attachments": [],
          "blocks": [
            {
              "summaries": [],
              "thinking": "Ceiling area = 6 × 1.2 = 7.2 m². Two coats = 14.4 m². At 12 m²/L that is 1.2 L; a 2.5 L can is the smallest sensible size, or 1 L plus a tester.",
              "type": "thinking",
            },
            {
              "text": "The ceiling is 7.2 m², so two coats need about **1.2 litres** — a 2.5 L can of ceiling paint covers it with plenty spare.",
              "type": "text",
            },
          ],
          "createdAt": "2026-05-20T18:46:34.667818Z",
          "files": [],
          "id": "e9c1a3b5-7d4f-4b2a-8e6c-0f3d5a7b9c14",
          "parentId": "f2d4b6a8-0c3e-4f7b-a1d5-8e6c0b2f4a97",
          "sender": "assistant",
          "updatedAt": "2026-05-20T18:47:02.664190Z",
        },
      ],
    ],
    "createdAt": "2026-05-20T18:44:10.038512Z",
    "defaultBranchIndex": 0,
    "hasBranches": false,
    "id": "3d7b9f1a-5c2e-4d8b-a6f0-4e1c8b3a7d52",
    "messages": [
      {
        "attachments": [],
        "blocks": [
          {
            "text": "How many litres of paint do I need for a hallway 6 m long, 1.2 m wide, 2.4 m high, with three doors and one window? Two coats.",
            "type": "text",
          },
        ],
        "createdAt": "2026-05-20T18:44:10.038512Z",
        "files": [],
        "id": "c5a7e9d1-3f2b-4c8a-9e4d-6b0f2a8c4e73",
        "parentId": null,
        "sender": "human",
        "updatedAt": "2026-05-20T18:44:10.038512Z",
      },
      {
        "attachments": [],
        "blocks": [
          {
            "summaries": [
              "Calculating wall area minus doors and window",
              "Converting coverage into litres for two coats",
            ],
            "thinking": "Wall area: perimeter = 2 × (6 + 1.2) = 14.4 m. Wall area = 14.4 × 2.4 = 34.56 m².

Subtract openings: three doors ≈ 3 × (0.76 × 2.0) = 4.56 m². One window ≈ 1.2 × 1.0 = 1.2 m². Net ≈ 28.8 m².

Two coats → 57.6 m². Coverage ~12 m²/L → 4.8 L. Recommend 5 L can.",
            "type": "thinking",
          },
          {
            "text": "You'll need about **4.8 litres**, so buy a 5 L can.

- Net wall area: ≈ 28.8 m² (34.6 m² minus doors and window)
- Two coats: ≈ 57.6 m²
- At ~12 m² per litre: ≈ 4.8 L",
            "type": "text",
          },
        ],
        "createdAt": "2026-05-20T18:44:15.772034Z",
        "files": [],
        "id": "d8b0f2c4-6e1a-4d5c-b3e7-9a2c4f6b8d05",
        "parentId": "c5a7e9d1-3f2b-4c8a-9e4d-6b0f2a8c4e73",
        "sender": "assistant",
        "updatedAt": "2026-05-20T18:44:52.310087Z",
      },
      {
        "attachments": [],
        "blocks": [
          {
            "text": "And the ceiling?",
            "type": "text",
          },
        ],
        "createdAt": "2026-05-20T18:46:30.115209Z",
        "files": [],
        "id": "f2d4b6a8-0c3e-4f7b-a1d5-8e6c0b2f4a97",
        "parentId": "d8b0f2c4-6e1a-4d5c-b3e7-9a2c4f6b8d05",
        "sender": "human",
        "updatedAt": "2026-05-20T18:46:30.115209Z",
      },
      {
        "attachments": [],
        "blocks": [
          {
            "summaries": [],
            "thinking": "Ceiling area = 6 × 1.2 = 7.2 m². Two coats = 14.4 m². At 12 m²/L that is 1.2 L; a 2.5 L can is the smallest sensible size, or 1 L plus a tester.",
            "type": "thinking",
          },
          {
            "text": "The ceiling is 7.2 m², so two coats need about **1.2 litres** — a 2.5 L can of ceiling paint covers it with plenty spare.",
            "type": "text",
          },
        ],
        "createdAt": "2026-05-20T18:46:34.667818Z",
        "files": [],
        "id": "e9c1a3b5-7d4f-4b2a-8e6c-0f3d5a7b9c14",
        "parentId": "f2d4b6a8-0c3e-4f7b-a1d5-8e6c0b2f4a97",
        "sender": "assistant",
        "updatedAt": "2026-05-20T18:47:02.664190Z",
      },
    ],
    "source": "chat",
    "summary": "Working out how much paint is needed for a hallway with doors and a window.",
    "title": "Estimating paint for a hallway",
    "updatedAt": "2026-05-20T18:47:02.664190Z",
  },
  "issues": [],
}
`;

exports[`parseConversation fixture snapshots > parses tool-use 1`] = `
{
  "conversation": {
    "branches": [
      [
        {
          "attachments": [],
          "blocks": [
            {
              "text": "When does the first ferry leave Portsmouth for Fishbourne on a weekday? And what's 100 GBP in EUR right now?",
              "type": "text",
            },
          ],
          "createdAt": "2026-06-02T07:30:44.221873Z",
          "files": [],
          "id": "7c9e1a3b-5d2f-4b8c-a4e6-1f0d3b5c7e94",
          "parentId": null,
          "sender": "human",
          "updatedAt": "2026-06-02T07:30:44.221873Z",
        },
        {
          "attachments": [],
          "blocks": [
            {
              "input": {
                "query": "first weekday ferry Portsmouth to Fishbourne timetable",
              },
              "name": "web_search",
              "type": "toolUse",
            },
            {
              "content": "Result 1: Wightlink timetable — first weekday sailing Portsmouth (Gunwharf) to Fishbourne departs 06:00, crossing time 45 minutes.
Result 2: Seasonal variations apply on bank holidays.",
              "isError": false,
              "name": "web_search",
              "type": "toolResult",
            },
            {
              "input": {
                "code": "const rate = await fetchRate('GBP', 'EUR');
console.log(100 * rate);",
              },
              "name": "repl",
              "type": "toolUse",
            },
            {
              "content": "ReferenceError: fetchRate is not defined
    at <anonymous>:1:20",
              "isError": true,
              "name": "repl",
              "type": "toolResult",
            },
            {
              "text": "The first weekday Wightlink sailing from Portsmouth to Fishbourne is at **06:00** (about 45 minutes crossing).

I couldn't fetch a live exchange rate here — my code tool has no network access — but as of my knowledge, 100 GBP is roughly 115–120 EUR. Check your bank's rate for the exact figure.",
              "type": "text",
            },
          ],
          "createdAt": "2026-06-02T07:30:49.014752Z",
          "files": [],
          "id": "9d1f3b5c-7a4e-4c2d-8b6f-0e3a5c7d9b28",
          "parentId": "7c9e1a3b-5d2f-4b8c-a4e6-1f0d3b5c7e94",
          "sender": "assistant",
          "updatedAt": "2026-06-02T07:33:19.905412Z",
        },
      ],
    ],
    "createdAt": "2026-06-02T07:30:44.221873Z",
    "defaultBranchIndex": 0,
    "hasBranches": false,
    "id": "6b8d0f2a-4c7e-4a1b-9d3f-5e2c8a6b0d47",
    "messages": [
      {
        "attachments": [],
        "blocks": [
          {
            "text": "When does the first ferry leave Portsmouth for Fishbourne on a weekday? And what's 100 GBP in EUR right now?",
            "type": "text",
          },
        ],
        "createdAt": "2026-06-02T07:30:44.221873Z",
        "files": [],
        "id": "7c9e1a3b-5d2f-4b8c-a4e6-1f0d3b5c7e94",
        "parentId": null,
        "sender": "human",
        "updatedAt": "2026-06-02T07:30:44.221873Z",
      },
      {
        "attachments": [],
        "blocks": [
          {
            "input": {
              "query": "first weekday ferry Portsmouth to Fishbourne timetable",
            },
            "name": "web_search",
            "type": "toolUse",
          },
          {
            "content": "Result 1: Wightlink timetable — first weekday sailing Portsmouth (Gunwharf) to Fishbourne departs 06:00, crossing time 45 minutes.
Result 2: Seasonal variations apply on bank holidays.",
            "isError": false,
            "name": "web_search",
            "type": "toolResult",
          },
          {
            "input": {
              "code": "const rate = await fetchRate('GBP', 'EUR');
console.log(100 * rate);",
            },
            "name": "repl",
            "type": "toolUse",
          },
          {
            "content": "ReferenceError: fetchRate is not defined
    at <anonymous>:1:20",
            "isError": true,
            "name": "repl",
            "type": "toolResult",
          },
          {
            "text": "The first weekday Wightlink sailing from Portsmouth to Fishbourne is at **06:00** (about 45 minutes crossing).

I couldn't fetch a live exchange rate here — my code tool has no network access — but as of my knowledge, 100 GBP is roughly 115–120 EUR. Check your bank's rate for the exact figure.",
            "type": "text",
          },
        ],
        "createdAt": "2026-06-02T07:30:49.014752Z",
        "files": [],
        "id": "9d1f3b5c-7a4e-4c2d-8b6f-0e3a5c7d9b28",
        "parentId": "7c9e1a3b-5d2f-4b8c-a4e6-1f0d3b5c7e94",
        "sender": "assistant",
        "updatedAt": "2026-06-02T07:33:19.905412Z",
      },
    ],
    "source": "chat",
    "summary": "",
    "title": "Ferry times and a currency check",
    "updatedAt": "2026-06-02T07:33:19.905412Z",
  },
  "issues": [],
}
`;

exports[`parseConversation fixture snapshots > parses unknown-block 1`] = `
{
  "conversation": {
    "branches": [
      [
        {
          "attachments": [],
          "blocks": [
            {
              "text": "Show me next Tuesday's weather.",
              "type": "text",
            },
          ],
          "createdAt": "2026-07-01T08:15:52.006731Z",
          "files": [],
          "id": "a5c7e9b1-3d6f-4a8c-9b1d-7f0a2c4e6d38",
          "parentId": null,
          "sender": "human",
          "updatedAt": "2026-07-01T08:15:52.006731Z",
        },
        {
          "attachments": [],
          "blocks": [
            {
              "blockType": "weather_card",
              "raw": {
                "forecast": {
                  "condition": "partly_cloudy",
                  "day": "Tuesday",
                  "high_c": 22,
                  "low_c": 14,
                },
                "location": "Portsmouth, UK",
                "start_timestamp": "2026-07-01T08:15:57.551204Z",
                "stop_timestamp": "2026-07-01T08:16:02.108475Z",
                "type": "weather_card",
              },
              "type": "unknown",
            },
            {
              "text": "Next Tuesday in Portsmouth looks partly cloudy with a high of 22°C and a low of 14°C — a decent day for the allotment.",
              "type": "text",
            },
          ],
          "createdAt": "2026-07-01T08:15:57.443820Z",
          "files": [],
          "id": "c6f8b0d2-4e7a-4c9b-a5d7-9e2c4a6f8b13",
          "parentId": "a5c7e9b1-3d6f-4a8c-9b1d-7f0a2c4e6d38",
          "sender": "assistant",
          "updatedAt": "2026-07-01T08:16:40.882405Z",
        },
      ],
    ],
    "createdAt": "2026-07-01T08:15:52.006731Z",
    "defaultBranchIndex": 0,
    "hasBranches": false,
    "id": "b3d5f7a9-1c4e-4b6d-8f0a-5d8b0f2a4c69",
    "messages": [
      {
        "attachments": [],
        "blocks": [
          {
            "text": "Show me next Tuesday's weather.",
            "type": "text",
          },
        ],
        "createdAt": "2026-07-01T08:15:52.006731Z",
        "files": [],
        "id": "a5c7e9b1-3d6f-4a8c-9b1d-7f0a2c4e6d38",
        "parentId": null,
        "sender": "human",
        "updatedAt": "2026-07-01T08:15:52.006731Z",
      },
      {
        "attachments": [],
        "blocks": [
          {
            "blockType": "weather_card",
            "raw": {
              "forecast": {
                "condition": "partly_cloudy",
                "day": "Tuesday",
                "high_c": 22,
                "low_c": 14,
              },
              "location": "Portsmouth, UK",
              "start_timestamp": "2026-07-01T08:15:57.551204Z",
              "stop_timestamp": "2026-07-01T08:16:02.108475Z",
              "type": "weather_card",
            },
            "type": "unknown",
          },
          {
            "text": "Next Tuesday in Portsmouth looks partly cloudy with a high of 22°C and a low of 14°C — a decent day for the allotment.",
            "type": "text",
          },
        ],
        "createdAt": "2026-07-01T08:15:57.443820Z",
        "files": [],
        "id": "c6f8b0d2-4e7a-4c9b-a5d7-9e2c4a6f8b13",
        "parentId": "a5c7e9b1-3d6f-4a8c-9b1d-7f0a2c4e6d38",
        "sender": "assistant",
        "updatedAt": "2026-07-01T08:16:40.882405Z",
      },
    ],
    "source": "chat",
    "summary": "",
    "title": "Conversation with a block type we do not know",
    "updatedAt": "2026-07-01T08:16:40.882405Z",
  },
  "issues": [
    {
      "message": "Unknown content block type "weather_card"",
      "path": "chat_messages[1].content[0]",
    },
  ],
}
`;
